[    0.000000] Initializing cgroup subsys cpuset
[    0.000000] Initializing cgroup subsys cpu
[    0.000000] Initializing cgroup subsys cpuacct
[    0.000000] Linux version 4.4.0-131-generic (buildd@lgw01-amd64-025) (gcc version 5.4.0 20160609 (Ubuntu 5.4.0-6ubuntu1~16.04.10) ) #157-Ubuntu SMP Thu Jul 12 15:49:15 UTC 2018 (Ubuntu 4.4.0-131.157-generic 4.4.134)
[    0.000000] KERNEL supported cpus:
[    0.000000]   Intel GenuineIntel
[    0.000000]   AMD AuthenticAMD
[    0.000000]   NSC Geod by NSC
[    0.000000]   Cyrix CyrixInstead
[    0.000000]   Centaur CentaurHauls
[    0.000000]   Transmeta GenuineTMx8
[    0.000000]   Transmeta TransmetaCPU
[    0.000000]   UMC UMC UMC UMC
[    0.000000] x86/fpu: xstate_offset[2]:  576, xstate_sizes[2]:  256
[    0.000000] x86/fpu: Supporting XSAVE feature 0x01: 'x87 floating point registers'
[    0.000000] x86/fpu: Supporting XSAVE feature 0x02: 'SSE registers'
[    0.000000] x86/fpu: Supporting XSAVE feature 0x04: 'AVX registers'
[    0.000000] x86/fpu: Enabled xstate features 0x7, context size is 832 bytes, using 'standard' format.
[    0.000000] x86/fpu: Using 'eager' FPU context switches.
[    0.000000] e820: BIOS-provided physical RAM map:
[    0.000000] BIOS-e820: [mem 0x0000000000000000-0x000000000009fbff] usable
[    0.000000] BIOS-e820: [mem 0x000000000009fc00-0x000000000009ffff] reserved
[    0.000000] BIOS-e820: [mem 0x00000000000f0000-0x00000000000fffff] reserved
[    0.000000] BIOS-e820: [mem 0x0000000000100000-0x000000003ffeffff] usable
[    0.000000] BIOS-e820: [mem 0x000000003fff0000-0x000000003fffffff] ACPI data
[    0.000000] BIOS-e820: [mem 0x00000000fec00000-0x00000000fec00fff] reserved
[    0.000000] BIOS-e820: [mem 0x00000000fee00000-0x00000000fee00fff] reserved
[    0.000000] BIOS-e820: [mem 0x00000000fffc0000-0x00000000ffffff] reserved
[    0.000000] NX (Execute Disable) protection: active
[    0.000000] SMBIOS 2.5 present.
[    0.000000] Hypervisor detected: KVM
[    0.0000000] e820: last_pfn = 0x3fff0 max_arch_pfn = 0x1000000
[    0.000000] MTRR: Disabled
[    0.000000] x86/PAT: MTRRs disabled, skipping PAT initialization too.
[    0.000000] CPU MTRRs all blank - virtualized system.
[    0.000000] x86/PAT: Configuration [0-7]: WB  WT  UC- UC  WB  WT  UC- UC  
[    0.000000] found SMP MP-table at [mem 0x0009fff0-0x0009ffff] mapped at [c009fff0
[    0.000000] Scanning 1 areas fr low memory corruption
[    0.000000] RAMDISK: [mem 0x36a96000-0x37542fff]
[    0.000000] ACPI: Early table checksum verification disabled
[    0.000000] ACPI: RSDP 0x00000000000E0000 000024 (v02 VBOX  )
[    0.000000] ACPI: XSDT 0x000000003FFF0030 00003C (v01 VBOX   VBOXXSDT 00000001 ASL  00000061)
[    0.000000] ACPI: FACP 0x000000003FFF00F0 0000F4 (v04 VBOX   VBOXFACP 00000001 ASL  00000061)
[    0.000000] ACPI: DSDT 0x000000003FFF0470 0021FF (v02 VBOX   VBOXBIOS 00000002 INTL 20100528)
[    0.000000] ACPI: FACS 0x000000003FFF0200 000040
[    0.000000] ACPI: FACS 0x000000003FFF0200 000040
[    0.000000] ACPI: APIC 0x000000003FFF0240 00005C (v02 VBOX   VBOXAPIC 00000001 ASL  00000061)
[    0.000000] ACPI: SSDT 0x000000003FFF02A0 0001CC (v01 VBOX   VBOXCPUT 00000002 INTL 20100528)
[    0.000000] 131MB HIGHMEM available.
[    0.000000] 891MB LOWMEM available.
[    0.000000]   mapped low ram: 0 - 37bfe000
[    0.000000]   low ram: 0 - 37bfe000
[    0.000000] kvm-clock: Using msrs 4b564d01 and 4b564d00
[    0.000000] kvm-clock: cpu 0, msr 0:37bfd001, primary cpu clock
[    0.000000] kvm-clock: using sched offset of 4767643554 cycles
[    0.000000] clocksource: kvm-clock: mask: 0xffffffffffffffff max_cycles: 0x1cd42e4dffb, max_idle_ns: 881590591483 ns
[    0.000000] Zone ranges:
[    0.000000]   DMA      [mem 0x0000000000001000-0x0000000000ffffff]
[    0.000000]   Normal   [mem 0x0000000001000000-0x0000000037bdfff]
[    0.000000]   HighMem  [mem 0x0000000037bfe000-0x000000003ffeffff]
[    0.000000] Movable zone start for each node
[    0.000000] Early memory node ranges
[    0.000000]   node   0: [mem 0x0000000000001000-0x000000000009efff]
[    0.000000]   node   0: [mem 0x0000000000100000-0x000000003ffeffff]
[    0.000000] Initmem setup node 0 [mem 0x0000000000001000-0x000000003ffeffff]
[    0.000000] Using APIC driver default
[    0.000000] ACPI: PM-Timer IO Port: 0x4008
[    0.000000] IOAPIC[0]: apic_id 2, version 32, address 0xfec00000, GSI 0-23
[    0.000000] ACPI: INT_SRC_OVR (bus 0 bus_irq 0 global_irq 2 dfl dfl)
[    0.000000] ACPI: INT_SRC_OVR (bus 0 bus_irq 9 global_irq 9 low level)
[    0.000000] Using ACPI (MADT) for SMP configuration information
[    0.000000] smpboot: Allowing 2 CPUs, 0 hotplug CPUs
[    0.000000] PM: Registered nosave memory: [mem 0x00000000-0x00000fff]
[   0.000000] PM: Registered nosave memory: [mem 0x0009f000-0x0009ffff]
[    0.000000] PM: Registered nosave memory: [mem 0x000a0000-0x000effff]
[    0.000000] PM: Registered nosave memory: [mem 0x000f0000-0x000fffff]
[    0.000000] e820: [mem 0x40000000-0xfebfffff] available for PCI devices
[    0.000000] Booting paravirtualized kernel on KVM
[    0.000000] clocksource: refined-jiffies: mask: 0xffffffff max_cycles: 0xffffffff, max_idle_ns: 7645519600211568 ns
[    0.000000] setup_percpu: NR_CPUS:8 nr_cpumask_bits:8 nr_cpu_ids:2 nr_node_ids:1
[    0.000000] PERCPU: Embedded 19 pages/cpu @f76b0000 s47436 r0 d30388 u77824
[    0.000000] PV qspinlock hash table entries: 512 (order: 0, 4096 bytes)
[    0.000000] Built 1 zonelists in Zone order, mobility grouping on.  Total pages: 259800
[    0.000000] Kernel command line: BOOT_IMAGE=/boot/vmlinuz-4.4.0-131-generic root=LABEL=cloudimg-rootfs ro console=tty1 console=ttyS0
[    0.000000] PID hash table entries: 4096 (order: 2, 16384 bytes)
[    0.000000] Dentry cache hash table entries: 131072 (order: 7, 524288 bytes)
[    0.000000] Inode-cache hash table entries: 65536 (order: 6, 262144 bytes)
[    0.00000] Initializing CPU#0
[    0.000000] Initialzing HighMem for node 0 (00037bfe:0003fff0)
[    0.000000] Initializing Movable for node 0 (00000000:00000000)
[    0.000000] Memory: 1011896K/1048120K available (8026K kernel code, 782K rwdata, 3176K rodata, 952K init, 800K bss, 36224K reserved, 0K cma-reserved, 135112K highmem)
[    0.000000] virtual kernel memory layout:
[    0.000000]     fixmap  : 0xfff15000 - 0xfffff000   ( 936 kB)
[    0.000000]     pkmap   : 0xffc00000 - 0xffe00000   (2048 kB)
[    0.000000]     vmalloc : 0xf83fe000 - 0xffbfe000   ( 120 MB)
[    0.000000]     lowmem  : 0xc0000000 - 0xf7bfe000   ( 891 MB)
[    0.000000]       .init : 0xc1bb8000 - 0xc1ca6000   ( 952 kB)
[    0.000000]       .data : 0xc17d6cd8 - 0xc1bb6980   (3967 kB)
[    0.000000]       .text : 0xc1000000 - 0xc17d6cd8   (8027 kB)
[    0.000000] Checking if this processor honours the WP bit even in supervisor mode...Ok.
[    0.000000] SLUB: HWalign=64, Order=0-3, MinObjects=0, CPUs=2, Nodes=1
[    0.000000] Hierarchical RCU implementation.
[    0.000000] 	Builtime adjustment of leaf fanout to 32.
[    0.000000] 	RCU restricting CPUs from NR_CPUS=8 to nr_cpu_ids=2.
[    0.000000] RCU: Adjusting geometry for rcu_fanout_leaf=32, nr_cpu_ids=2
[    0.000000] NR_IRQS:2304 nr_irqs:440 16
[    0.000000] Console: colour VGA+ 80x25
[    0.000000] console [tty1] enabled
[    0.000000] console [ttyS0] enabled
[    0.000000] allocated 1048576 bytes of page_ext
[    0.000000] tsc: Detected 3695.996 MHz processor
[    0.501726] Calibrating delay loop (skipped) preset value.. 7391.99 BogoMIPS (lpj=14783984)
[    0.516249] pid_max: default: 32768 minimum: 301
[    0.517305] ACPI: Core revision 20150930
[    0.519385] ACPI: 2 ACPI AML tables successfully acquired and loaded
[    0.520846] Security Framework initialized
[    0.521932] Yama: becoming mindful.
[    0.522695] AppArmor: AppArmor initialized
[    0.523604] Mount-cache hash table entries: 2048 (order: 1, 8192 bytes)
[    0.525367] Mountpoint-cache hash table entries: 2048 (order: 1, 8192 bytes)
[    0.533647] Initializing cgroup subsys io
[    0.536721] Initializing cgroup subsys memory
[    0.538113] Initializing cgroup subsys devices
[    0.555286] Initializing cgroup subsys freezer
[    0.561952] Initializing cgroup subsys net_cls
[    0.562937] Initializing cgroup subsys perf_event
[    0.565964] Initializing cgroup subsys net_prio
[    0.566992] Initializing cgroup subsys hugetlb
[    0.568636] Initializing cgroup subsys pids
[    0.569636] CPU: Physical Processor ID: 0
[    0.570465] CPU: Processor Core ID: 0
[    0.573325] mce: CPU supports 0 MCE banks
[    0.574857] Last level iTLB entries: 4KB 64, 2MB 8, 4MB 8
[    0.576042] Last level dTLB entries: 4KB 64, 2MB 0, 4MB 0, 1GB 4
[    0.577691] Spectre V2 : Mitigation: Full generic retpoline
[    0.578932] Spectre V2 : Speculation control IBPB not-supported IBRS not-supported
[    0.582260] Spectre V2 : Filling RSB on context switch
[    0.584784] Speculative Store Bypass: Vulnerable
[    0.595642] Freeing SMP alternatives memory: 32K
[    0.606221] ftrace: allocating 31517 entries in 62 pages
[    0.675274] smpboot: APIC(0) Converting physical 0 to logical package 0
[    0.677949] smpboot: Max logical packages: 1
[    0.678780] Enabling APIC mode:  Flat.  Using 1 I/O APICs
[    0.681055] ..TIMER: vector=0x30 apic1=0 pin1=2 apic2=-1 pin2=-1
[    0.801525] APIC calibration not consistent with PM-Timer: 112ms instead of 100ms
[    0.805825] APIC delta adjusted to PM-Timer: 6242602 (7009303)
[    0.808186] smpboot: CPU0: Intel(R) Core(TM) i3-6100 CPU @ 3.70GHz (family: 0x6, model: 0x5e, stepping: 0x3)
[    0.811909] Performance Events: unsupported p6 CPU model 94 no PMU driver, software events only.
[    0.814359] KVM setup paravirtual spinlock
[    0.824751] x86: Booting SMP configuration:
[    0.829360] .... node  #0, CPUs:      #1
[1266874884.941908] Initializing CPU#1
[    0.843056] kvm-clock: cpu 1, msr 0:37bfd041, secondary cpu clock
[    0.855924] mce: CPU supports 0 MCE banks
[    0.863647] x86: Booted up 1 node, 2 CPUs
[    0.872159] smpboot: Total of 2 processors activated (14783.98 BogoMIPS)
[    0.876258] devtmpfs: initialized
[    0.877997] evm: security.selinux
[    0.885554] evm: security.SMACK64
[    0.886589] evm: security.SMACK64EXEC
[    0.887506] evm: security.SMACK64TRANSMUTE
[    0.889003] evm: security.SMACK64MMAP
[    0.890052] evm: security.ima
[    0.890968] evm: security.capability
[    0.893152] clocksource: jiffies: mask: 0xffffffff max_cycles: 0xffffffff, max_idle_ns: 7645041785100000 ns
[    0.895509] futex hash table entries: 512 (order: 3, 32768 bytes)
[    0.898596] pinctrl core: initialized pinctrl subsystem
[    0.899860] RTC time: 23:32:12, date: 07/25/18
[    0.905937] NET: Registered protocol family 16
[    0.907338] EISA bus registered
[    0.920428] cpuidle: using governor ladder
[    0.932521] cpuidle: using governor menu
[    0.935183] PCCT header not found.
[    0.936249] ACPI: bus type PCI registered
[    0.938587] acpiphp: ACPI Hot Plug PCI Controller Driver version: 0.5
[    0.944684] PCI : PCI BIOS area is rw and x. Use pci=nobios if you want it NX.
[    0.948317] PCI: PCI BIOS revision 2.10 entry at 0xfda26, last bus=0
[    0.967592] PCI: Using configuration type 1 for base access
[    0.983800] ACPI: Added _OSI(Module Device)
[    0.984905] ACPI: Added _OSI(Processor Device)
[    0.985837] ACPI: Added _OSI(3.0 _SCP Extensions)
[    0.986901] ACPI: Added _OSI(Processor Aggregator Device)
[    1.020912] ACPI: Executed 1 blocks of module-level executable AML code
[    1.034883] ACPI: Interpreter enabled
[    1.043234] ACPI: (supports S0 S5)
[    1.044244] ACPI: Using IOAPIC for interrupt routing
[    1.045462] PCI: Using host bridge windows from ACPI; if necessary, use "pci=nocrs" and report a bug
[    1.053365] ACPI: PCI Root Bridge [PCI0] (domain 0000 [bus 00-ff])
[    1.056919] acpi PNP0A03:00: _OSC: OS supports [ASPM ClockPM Segments MSI]
[    1.059183] acpi PNP0A03:00: _OSC: not requesting OS control; OS requires [ExtendedConfig ASPM ClockPM MSI]
[    1.067923] acpi PNP0A03:00: fail to add MMCONFIG information, can't access extended PCI configuration space under this bridge.
[    1.071181] PCI host bridge to bus 0000:00
[    1.072422] pci_bus 0000:00: root bus resource [io  0x0000-0x0cf7 window]
[    1.074833] pci_bus 0000:00: root bus resource [io  0x0d00-0xffff window]
[    1.096074] pci_bus 0000:00: root bus resource [mem 0x000a0000-0x000bffff window]
[    1.097415] pci_bus 0000:00: root bus resource [mem 0x40000000-0xfdffffff window]
[    1.105956] pci_bus 0000:00: root bus resource [bus 00-ff]
[    1.112317] pci 0000:00:01.1: legacy IDE quirk: reg 0x10: [io  0x01f0-0x01f7]
[    1.115732] pci 0000:00:01.1: legacy IDE quirk: reg 0x14: [io  0x03f6]
[    1.119206] pci 0000:00:01.1: legacy IDE quirk: reg 0x18: [io  0x0170-0x0177]
[    1.128805] pci 0000:00:01.1: legacy IDE quirk: reg 0x1c: [io  0x0376]
[    1.172980] pci 0000:00:07.0: quirk: [io  0x4000-0x403f] claimed by PIIX4 ACPI
[    1.181110] pci 0000:00:07.0: quirk: [io  0x4100-0x410f] claimed by PIIX4 SMB
[    1.195885] ACPI: PCI Interrupt Link [LNKA] (IRQs 5 9 10 *11)
[    1.198106] ACPI: PCI Interrupt Link [LNKB] (IRQs 5 9 *10 11)
[    1.201260] ACPI: PCI Interrupt Link [LNKC] (IRQs 5 *9 10 11)
[    1.203247] ACPI: PCI Interrupt Link [LNKD] (IRQs 5 9 10 *11)
[    1.205853] ACPI: Enabled 2 GPEs in block 00 to 07
[    1.208889] vgaarb: setting as boot device: PCI:0000:00:02.0
[    1.210619] vgaarb: device added: PCI:0000:00:02.0,decodes=io+mem,owns=io+mem,locks=none
[    1.213319] vgaarb: loaded
[    1.214407] vgaarb: bridge control possible 0000:00:02.0
[    1.217419] SCSI subsystem initialized
[    1.218973] ACPI: bus type USB registered
[    1.219872] usbcore: registered new interface driver usbfs
[    1.221176] usbcore: registered new interface driver hub
[    1.222409] usbcore: registered new device driver usb
[    1.224590] PCI: Using ACPI for IRQ routing
[    1.233022] NetLabel: Initializing
[    1.240794] NetLabel:  domain hash size = 128
[    1.243210] NetLabel:  protocols = UNLABELED CIPSOv4
[    1.245620] NetLabel:  unlabeled traffic allowed by default
[    1.247245] amd_nb: Cannot enumerate AMD northbridges
[    1.249093] clocksource: Switched to clocksource kvm-clock
[    1.275217] AppArmor: AppArmor Filesystem Enabled
[    1.276395] pnp: PnP ACPInit
[    1.354984] pnp: PnP ACPI: found 3 devices
[    1.357597] PnPBIOS: Disabled by ACPI PNP

[    1.408701] PM-Timer running at invalid rate: 107% of normal - aborting.
[    1.412648] NET: Registered protocol family 2
[    1.422017] TCP establishedhash table entries: 8192 (order: 3, 32768 bytes)

[    1.467813] TCP bind hash table entries: 8192 (order: 4, 65536 bytes)
[    1.470778] TCP: Hash tables configured (established 8192 bind 8192)
[    1.472448] UDP hash table entries: 512 (order: 2, 16384 bytes)
[    1.474087] UDP-Lite hash table entries: 512 (order: 2, 16384 bytes)
[    1.475360] NET: Registered protocol family 1
[    1.476685] pci 0000:00:00.0: Limiting direct PCI/PCI transfers
[    1478159] pci 0000:00:01.0: Activating ISA DMA hang workarounds
[    1.510021] Unpacking initramfs...

[    4.961084] Freeing initrd memory: 10932K
[    4.964310] platform rtc_cmos: registered platform RTC device (no PNP device found)
[    4.966350] Scanning for low memory corruption every 60 seconds
[    4.970411] audit: initializing netlink subsys (disabled)
[    4.971579] audit: type=2000 audit(1532561541.857:1): initialized
[    4.973004] Initialise system trusted keyring
[    4.974620] HugeTLB registered 2 MB page size, pre-allocated 0 pages
[    4.979081] zbud: loaded
[    4.980482] VFS: Disk quotas dquot_6.6.0
[    4.988524] VFS: Dquot-cache hash table entries: 1024 (order 0, 4096 bytes)
[    4.990659] squashfs: version 4.0 (2009/01/31) Phillip Lougher
[    4.992745] fuse init (API version 7.23)
[    4.994339] Key type big_key registered
[    4.995649] Allocating IMA MOK and blacklist keyrings.
[    4.999652] Key type asymmetric registered
[    5.001542] Asymmetric key parser 'x509' registered
[    5.003049] bounce: pool size: 64 pages
[    5.004025] Block layer SCSI generic (bsg) driver version 0.4 loaded (major 249)
[    5.012163] io scheduler noop registered
[    5.014524] io scheduler deadline registered (default)
[    5.016454] io scheduler cfq registered
[    5.018910] pci_hotplug: PCI Hot Plug PCI Core version: 0.5
[    5.020280] pciehp: PCI Express Hot Plug Controller Driver version: 0.4
[    5.022605] ACPI: AC Adapter [AC] (on-line)
[    5.023725] input: Power Button as /devices/LNXSYSTM:00/LNXPWRBN:00/input/input0
[    5.033204] ACPI: Power Button [PWRF]
[    5.037551] input: Sleep Button as /devices/LNXSYSTM:00/LNXSLPBN:00/input/input1
[    5.039300] ACPI: Sleep Button [SLPF]
[    5.040443] GHES: HEST is not enabled!
[    5.049781] isapnp: Scanning for PnP cards...
[    5.049802] Serial: 8250/16550 driver, 32 ports, IRQ sharing enabled
[    5.075173] 00:02: ttyS0 at I/O 0x3f8 (irq = 4, base_baud = 115200) is a 16550A
[    5.088993] Linux agpgart interface v0.103
[    5.112045] loop: module loaded
[    5.114145] scsi host0: ata_piix
[    5.116094] scsi host1: ata_piix
[    5.130560] ata1: PATA max UDMA/33 cmd 0x1f0 ctl 0x3f6 bmdma 0xd000 irq 14
[    5.146526] ata2: PATA max UDMA/33 cmd 0x170 ctl 0x376 bmdma 0xd008 irq 15
[    5.156119] libphy: Fixed MDIO Bus: probed
[    5.180856] tun: Universal TUN/TAP device driver, 1.6
[    5.201331] tun: (C) 1999-2004 Max Krasnyansky <maxk@qualcomm.com>
[    5.212186] PPP generic driver version 2.4.2
[    5.213081] ehci_hcd: USB 2.0 'Enhanced' Host Controller (EHCI) Driver
[    5.215284] ehci-pci: EHCI PCI platform driver
[    5.217110] ehci-platform: EHCI generic platform driver
[    5.233939] ohci_hcd: USB 1.1 'Open' Host Controller (OHCI) Driver
[    5.244462] ohci-pci: OHCI PCI platform driver
[    5.291792] ohci-platform: OHCI generic platform driver
[    5.292887] uhci_hcd: USB Universal Host Controller Interface driver
[    5.329905] i8042: PNP: PS/2 Controller [PNP0303:PS2K,PNP0f03:PS2M] at 0x60,0x64 irq 1,12
[    5.333941] serio: i8042 KBD port at 0x60,0x64 irq 1
[    5.355193] serio: i8042 AUX port at 0x60,0x64 irq 12
[    5.362027] mousedev: PS/2 mouse device common for all mice
[    5.372987] input: AT Translated Set 2 keyboard as /devices/platform/i8042/serio0/input/input2
[    5.405809] rtc_cmos rtc_cmos: rtc core: registered rtc_cmos as rtc0
[    5.425727] rtc_cmos rtc_cmos: alarms up to one day, 114 bytes nvram
[    5.427818] i2c /dev entries driver
[    5.428708] device-mapper: uevent: version 1.0.3
[    5.441400] device-mapper: ioctl: 4.34.0-ioctl (2015-10-28) initialised: dm-devel@redhat.com
[    5.464324] platform eisa.0: Probing EISA bus 0
[    5.468696] platform eisa.0: EISA: Cannot allocate resource for mainboard
[    5.469739] platform eisa.0: Cannot allocate resource for EISA slot 1
[    5.491581] platform eisa.0: Cannot allocate resource for EISA slot 2
[    5.493379] platform eisa.0: Cannot allocate resource for EISA slot 3
[    5.494503] platform eisa.0: Cannot allocate resource for EISA slot 4
[    5.495603] platform eisa.0: Cannot allocate resource for EISA slot 5
[    5.496930] platform eisa.0: Cannot allocate resource for EISA slot 6
[    5.498250] platform eisa.0: Cannot allocate resource for EISA slot 7
[    5.516595] platform eisa.0: Cannot allocate resource for EISA slot 8
[    5.537709] platform eisa.0: EISA: Detected 0 cards
[    5.539514] cpufreq-nforce2: No nForce2 chipset.
[    5.541932] ledtrig-cpu: registered to indicate activity on CPUs
[    5.543293] NET: Registered protocol family 10
[    5.544748] NET: Registered protocol family 17
[    5.546491] Key type dns_resolver registered
[    5.547667] Using IPI No-Shortcut mode
[    5.549118] registered taskstats version 1
[    5.549970] Loading compiled-in X.509 certificates
[    5.553643] Loaded X.509 cert 'Build time autogenerated kernel key: d7884d74a27fcf03af65f518c6891246d9e5c24c'
[    5.570993] zswap: loaded using pool lzo/zbud
[    5.583153] Key type trusted registered
[    5.594398] Key type encrypted registered
[    5.636441] AppArmor: AppArmor sha1 policy hashing enabled
[    5.651795] ima: No TPM chip found, activating TPM-bypass!
[    5.661001] ima: Allocated hash algorithm: sha1
[    5.662031] evm: HMAC attrs: 0x1
[    5.679356]   Magic number: 10:803:555
[    5.680265] rtc_cmos rtc_cmos: setting system clock to 2018-07-25 23:32:17 UTC (1532561537)
[    5.708949] BIOS EDD facility v0.16 2004-Jun-25, 0 devices found
[    5.717908] EDD information not available.
[    5.740410] isapnp: No Plug & Play device found
[    5.750668] Freeing unused kernel memory: 952K
[    5.772536] Write protecting the kernel text: 8028k
[    5.773625] Write protecting the kernel read-only data: 3184k
[    5.795767] NX-protecting the kernel data: 6308k
Loading, please wait...
starting version 229
[    5.820498] random: systemd-udevd: uninitialized urandom read (16 bytes read, 0 bits of entropy available)
[    5.821480] random: udevadm: uninitialized urandom read (16 bytes read, 0 bits of entropy available)
[    5.833239] random: udevadm: uninitialized urandom read (16 bytes read, 0 bits of entropy available)
[    5.833350] random: udevadm: uninitialized urandom read (16 bytes read, 0 bits of entropy available)
[    5.833505] random: udevadm: uninitialized urandom read (16 bytes read, 0 bits of entropy available)
[    5.833559] random: udevadm: uninitialized urandom read (16 bytes read, 0 bits of entropy available)
[    5.833614] random: udevadm: uninitialized urandom read (16 bytes read, 0 bits of entropy available)
[    5.833678] random: udevadm: uninitialized urandom read (16 bytes read, 0 bits of entropy available)
[    5.833733] random: udevadm: uninitialized urandom read (16 bytes read, 0 bits of entropy available)
[    5.833785] random: udevadm: uninitialized urandom read (16 bytes read, 0 bits of entropy available)
[    5.979369] clocksource: tsc: mask: 0xffffffffffffffff max_cycles: 0x6a8d1fbf22a, max_idle_ns: 881590537935 ns
[    6.064753] Fusion MPT base driver 3.04.20
[    6.079071] Copyright (c) 1999-2008 LSI Corporation
[    6.119230] e1000: Intel(R) PRO/1000 Network Driver - version 7.3.21-k8-NAPI
[    6.120540] e1000: Copyright (c) 1999-2006 Intel Corporation.
[    6.192510] Fusion MPT SPI Host driver 3.04.20
[    6.208625] mptbase: ioc0: Initiating bringup
[    6.289199] ioc0: LSI53C1030 A0: Capabilities={Initiator}
[    6.704726] input: ImExPS/2 Generic Explorer Mouse as /devices/platform/i8042/serio1/input/input4
[    7.063312] scsi host2: ioc0: LSI53C1030 A0, FwRev=00000000h, Ports=1, MaxQ=256, IRQ=20
[    7.265539] scsi 2:0:0:0: Direct-Access     VBOX     HARDDISK         1.0  PQ: 0 ANSI: 5
[    7.269176] scsi target2:0:0: Beginning Domain Validation
[    7.279166] scsi target2:0:0: Domain Validation skipping write tests
[    7.280355] scsi target2:0:0: Ending Domain Validation
[    7.281492] scsi target2:0:0: asynchronous
[    7.282930] scsi 2:0:1:0: Direct-Access     VBOX     HARDDISK         1.0  PQ: 0 ANSI: 5
[    7.284564] scsi target2:0:1: Beginning Domain Validation
[    7.287048] scsi target2:0:1: Domain Validation skipping write tests
[    7.288197] scsi target2:0:1: Ending Domain Validation
[    7.304907] scsi target2:0:1: asynchronous
[    7.344477] sd 2:0:0:0: Attached scsi generic sg0 type 0
[    7.355360] sd 2:0:0:0: [sda] 20971520 512-byte logical blocks: (10.7 GB/10.0 GiB)
[    7.355957] sd 2:0:1:0: [sdb] 20480 512-byte logical blocks: (10.5 MB/10.0 MiB)
[    7.361313] sd 2:0:1:0: [sdb] Write Protect is off
[    7.367324] sd 2:0:1:0: [sdb] Incomplete mode parameter data
[    7.367326] sd 2:0:1:0: [sdb] Assuming drive cache: write through
[    7.378905] sd 2:0:1:0: Attached scsi generic sg1 type 0
[    7.407197] sd 2:0:0:0: [sda] Write Protect is off
[    7.408933] sd 2:0:0:0: [sda] Incomplete mode parameter data
[    7.423120] sd 2:0:0:0: [sda] Assuming drive cache: write through
[    7.443610]  sda: sda1
[    7.462248] sd 2:0:1:0: [sdb] Attached SCSI disk
[    7.478583] sd 2:0:0:0: [sda] Attached SCSI disk
[    8.005241] e1000 0000:00:03.0 eth0: (PCI:33MHz:32-bit) 02:df:ee:98:ef:fd
[    8.015811] e1000 0000:00:03.0 eth0: Intel(R) PRO/1000 Network Connection
[    8.027303] e1000 0000:00:03.0 enp0s3: renamed from eth0
Begin: Loading essential drivers ... [    9.469597] md: linear personality registered for level -1
[    9.478159] md: multipath personality registered for level -4
[    9.494715] md: raid0 personality registered for level 0
[    9.502171] md: raid1 personality registered for level 1
[    9.589528] raid6: mmxx1    gen()  3042 MB/s
[    9.657488] raid6: mmxx2    gen()  3871 MB/s
[    9.725237] raid6: sse1x1   gen()  2386 MB/s
[    9.793236] raid6: sse1x2   gen()  3249 MB/s
[    9.861485] raid6: sse2x1   gen()  5740 MB/s
[    9.930439] raid6: sse2x1   xor()  3900 MB/s
[    9.997799] raid6: sse2x2   gen()  6396 MB/s
[   10.081785] raid6: sse2x2   xor()  4374 MB/s
[   10.149162] raid6: avx2x1   gen()  8879 MB/s
[   10.217554] raid6: avx2x2   gen() 14628 MB/s
[   10.218626] raid6: using algorithm avx2x2 gen() 14628 MB/s
[   10.219958] raid6: using avx2x1 recovery algorithm
[   10.227508] xor: automatically using best checksumming function:
[   10.265647]    avx       : 17698.000 MB/sec
[   10.275129] async_tx: api initialized (async)
[   10.301998] md: raid6 personality registered for level 6
[   10.304615] md: raid5 personality registered for level 5
[   10.305774] md: raid4 personality registered for level 4
[   10.327023] md: raid10 personality registered for level 10
done.
Begin: Running /scripts/init-premount ... done.
Begin: Mounting root file system ... Begin: Running /scripts/local-top ... done.
Begin: Running /scripts/local-premount ... [   10.401538] Btrfs loaded
Scanning for Btrfs filesystems
done.
Warning: fsck not present, so skipping root file system
[   10.459357] EXT4-fs (sda1): mounted filesystem with ordered data mode. Opts: (null)
done.
Begin: Running /scripts/local-bottom ... done.
Begin: Running /scripts/init-bottom ... done.
[   10.652082] systemd[1]: systemd 229 running in system mode. (+PAM +AUDIT +SELINUX +IMA +APPARMOR +SMACK +SYSVINIT +UTMP +LIBCRYPTSETUP +GCRYPT +GNUTLS +ACL +XZ -LZ4 +SECCOMP +BLKID +EUTILS +KMOD -IDN)
[   10.732487] systemd[1]: Detected virtualization oracle.
[   10.733791] systemd[1]: Detected architecture x86.


Welcome to [1mUbuntu 16.04.5 LTS[0m!

[   10.741826] systemd[1]: Set hostname to <ubuntu>.
[   10.748772] systemd[1]: Initializing machine ID from random generator.
[   10.751102] systemd[1]: Installed transient /etc/machine-id file.
[   11.000111] systemd[1]: Listening on LVM2 poll daemon socket.
[[0;32m  OK  [0m] Listening on LVM2 poll daemon socket.
[   11.003591] systemd[1]: Listening on Device-mapper event daemon FIFOs.
[[0;32m  OK  [0m] Listening on Device-mapper event daemon FIFOs.
[   11.039361] systemd[1]: Listening on udev Control Socket.
[[0;32m  OK  [0m] Listening on udev Control Socket.
[   11.051205] systemd[1]: Created slice User and Session Slice.
[[0;32m  OK  [0m] Created slice User and Session Slice.
[   11.061986] systemd[1]: Listening on LVM2 metadata daemon socket.
[[0;32m  OK  [0m] Listening on LVM2 metadata daemon socket.
[   11.080331] systemd[1]: Listening on udev Kernel Socket.
[[0;32m  OK  [0m] Listening on udev Kernel Socket.
[   11.115911] systemd[1]: Started Trigger resolvconf update for networkd DNS.
[[0;32m  OK  [0m] Started Trigger resolvconf update for networkd DNS.
[   11.119559] systemd[1]: Listening on Journal Socket (/dev/log).
[[0;32m  OK  [0m] Listening on Journal Socket (/dev/log).
[   11.163759] systemd[1]: Reached target System Time Synchronized.
[[0;32m  OK  [0m] Reached target System Time Synchronized.
[   11.182117] systemd[1]: Reached target Swap.
[[0;32m  OK  [0m] Reached target Swap.
[   11.231927] systemd[1]: Started Forward Password Requests to Wall Directory Watch.
[[0;32m  OK  [0m] Started Forward Password Requests to Wall Directory Watch.
[   11.252594] systemd[1]: Reached target Encrypted Volumes.
[[0;32m  OK  [0m] Reached target Encrypted Volumes.
[   11.286520] systemd[1]: Set up automount Arbitrary Executable File Formats File System Automount Point.
[[0;32m  OK  [0m] Set up automount Arbitrary Executab...ats File System Automount Point.
[   11.322498] systemd[1]: Reached target User and Group Name Lookups.
[[0;32m  OK  [0m] Reached target User and Group Name Lookups.
[   11.356705] systemd[1]: Listening on Journal Audit Socket.
[[0;32m  OK  [0m] Listening on Journal Audit Socket.
[   11.390195] systemd[1]: Listening on Jurnal Socket.
 [[0;32m  OK  [0m] Listening on Journal Socket.
[   11.421767] systemd[1]: Listening on /dev/initctl Compatibility Named Pipe.
[[0;32m  OK  [0m] Listening on /dev/initctl Compatibility Named Pipe.
[   11.459140] systemd[1]: Created slice System Slice.
[[0;32m  OK  [0m] Created slice System Slice.
[   11.474238] systemd[1]: Mounting Debug File System...
         Mounting Debug File System...
[   11.523006] systemd[1]: Starting Set console keymap...
         Starting Set console keymap...
[   11.537040] systemd[1]: Starting Create list of required static device nodes for the current kernel...
         Starting Create list of required st... nodes for the current kernel...
[   11.572512] systemd[1]: Starting Nameserver information manager...
         Starting Nameserver information manager...
[   11.633171] systemd[1]: Mounting POSIX Message Queue File System...
         Mounting POSIX Message Queue File System...
[   11.637088] systemd[1]: Reached target Slices.
[[0;32m  OK  [0m] Reached target Slices.
[   11.647472] systemd[1]: Starting Remount Root and Kernel File Systems...
         Starting Remount Root and Kernel File Systems...
[   11.653004] EXT4-fs (sda1): re-mounted. Opts: (null)
[   11.656268] systemd[1]: Starting Load Kernel Modules...
         Starting Load Kernel Mo[   11.671542] Loading iSCSI transport class v2.0-870.
dules...
[   11.696494] systemd[1]: Created slice system-serial\x2dgetty.slice.
[[0;32m  OK  [0m] Created slice system-serial\x2dgetty.slice.
[   11.724291] iscsi: registered transport (tcp)
[   11.725970] systemd[1]: Mounting Huge Pages File System...
         Mounting Huge Pages File System...
[   11.737772] random: nonblocking pool is initialized
[   11.747855] systemd[1]: Starting Monitoring of LVM2 mirrors, snapshots etc. using dmeventd or progress polling...
         Starting Monitoring of LVM2 mirrors... dmeventd or progress polling...
[   11.822453] iscsi: registered transport (iser)
[   11.838026] systemd[1]: Starting Uncomplicated firewall...
         Starting Uncomplicated firewall...
[   11.871789] systemd[1]: Listening on Syslog Socket.
[[0;32m  OK  [0m] Listening on Syslog Socket.
[   11.890051] systemd[1]: Starting Journal Service...
         Starting Journal Service...
[   11.897466] systemd[1]: Mounted Huge Pages File System.
[[0;32m  OK  [0m] Mounted Huge Pages File System.
[   11.935423] systemd[1]: Mounted POSIX Message Queue File System.
[[0;32m  OK  [0m] Mounted POSIX Message Queue File System.
[   11.985698] systemd[1]: Mounted Debug File System.
[[0;32m  OK  [0m] Mounted Debug File System.
[   12.020856] systemd[1]: Started Journal Service.
[[0;32m  OK  [0m] Started Journal Service.
[[0;32m  OK  [0m] Started Set console keymap.
[[0;32m  OK  [0m] Started Create list of required sta...ce nodes for the current kernel.
[[0;32m  OK  [0m] Started Remount Root and Kernel File Systems.
[[0;32m  OK  [0m] Started Load Kernel Modules.
[[0;32m  OK  [0m] Started Uncomplicated firewall.
[[0;32m  OK  [0m] Started Nameserver information manager.
[[0;32m  OK  [0m] Started LVM2 metadata daemon.
         Mounting FUSE Control File System...
         Starting Apply Kernel Variables...
         Starting udev Coldplug all Devices...
         Starting Load/Save Random Seed...
         Starting Create Static Device Nodes in /dev...
         Starting Flush Journal to Persistent Storage...
[[0;32m  OK  [0m] Mounted FUSE Control File System.
[[0;32m  OK  [0m] Started Apply Kernel Variables.
[[0;32m  OK  [0m] Started Load/Save Random Seed.
[[0;32m  OK  [0m] Started Create Static Device Nodes in /dev.
[[0;32m  OK  [0m] Started udev Coldplug all Devices.
[[0;32m  OK  [0m] Started Flush Journal to Persistent Storage.
         Starting udev Kernel Device Manager...
[[0;32m  OK  [0m] Started Monitoring of LVM2 mirrors,...ng dmeventd or progress polling.
[[0;32m  OK  [0m] Started udev Kernel Device Manager.
[[0;32m  OK  [0m] Started Dispatch Password Requests to Console Directory Watch.
[[0;32m  OK  [0m] Reached target Local File Systems (Pre).
[[0;32m  OK  [0m] Reached target Local File Systems.
         Starting Commit a transient machine-id on disk...
         Starting Create Volatile Files and Directories...
         Starting LSB: AppArmor initialization...
         Starting Tell Plymouth To Write Out Runtime Data...
         Starting Initial cloud-init job (pre-networking)...
         Starting Set console font and keymap...
[[0;32m  OK  [0m] Started Commit a transient machine-id on disk.
[[0;32m  OK  [0m] Started Create Volatile Files and Directories.
[[0;32m  OK  [0m] Started Tell Plymouth To Write Out Runtime Data.
         Starting Update UTMP about System Boot/Shutdown...
[[0;32m  OK  [0m] Started Update UTMP about System Boot/Shutdown.
[[0;32m  OK  [0m] Found device /dev/ttyS0.
[[0;32m  OK  [0m] Listening on Load/Save RF Kill Switch Status /dev/rfkill Watch.
[[0;32m  OK  [0m] Started Set console font and keymap.
[[0;32m  OK  [0m] Created slice system-getty.slice.
[[0;32m  OK  [0m] Started LSB: AppArmor initialization.
[   16.010012] cloud-init[486]: Cloud-init v. 18.2 running 'init-local' at Wed, 25 Jul 2018 23:32:26 +0000. Up 14.09 seconds.
[[0;32m  OK  [0m] Started Initial cloud-init job (pre-networking).
[[0;32m  OK  [0m] Reached target Network (Pre).
         Starting Raise network interfaces...
[[0;32m  OK  [0m] Started Raise network interfaces.
[[0;32m  OK  [0m] Reached target Network.
         Starting Initial cloud-init job (metadata service crawler)...
[   18.670478] cloud-init[915]: Cloud-init v. 18.2 running 'init' at Wed, 25 Jul 2018 23:32:29 +0000. Up 17.15 seconds.
[   18.760884] cloud-init[915]: ci-info: +++++++++++++++++++++++++++++++++++++Net device info++++++++++++++++++++++++++++++++++++++
[   18.786563] cloud-init[915]: ci-info: +--------+------+----------------------------+---------------+-------+-------------------+
[   18.787016] cloud-init[915]: ci-info: | Device |  Up  |          Address           |      Mask     | Scope |     Hw-Address    |
[   18.787301] cloud-init[915]: ci-info: +--------+------+----------------------------+---------------+-------+-------------------+
[   18.787446] cloud-init[915]: ci-info: | enp0s3 | True |         10.0.2.15          | 255.255.255.0 |   .   | 02:df:ee:98:ef:fd |
[   18.787573] cloud-init[915]: ci-info: | enp0s3 | True | fe80::df:eeff:fe98:effd/64 |       .       |  link | 02:df:ee:98:ef:fd |
[[0;32m  OK  [0m] Started Initial cloud-init job (metadata service crawler).
[   18.787685] cloud-init[915]: ci-info: |   lo   | True |         127.0.0.1          |   255.0.0.0   |   .   |         .         |
[   18.952653] cloud-init[915]: ci-info: |   lo   | True |          ::1/128           |       .       |  host |         .         |
[   18.953134] cloud-init[915]: ci-info: +--------+------+----------------------------+---------------+-------+-------------------+
[   18.955125] cloud-init[915]: ci-info: +++++++++++++++++++++++++++Route IPv4 info++++++++++++++++++++++++++++
[[0;32m  OK  [0m] Reached target Cloud-config availability.
[   18.955487] cloud-init[915]: ci-info: +-------+-------------+----------+---------------+-----------+-------+
[   18.975747] cloud-init[915]: ci-info: | Route | Destination | Gateway  |    Genmask    | Interface | Flags |
[   18.975808] cloud-init[915]: ci-info: +-------+-------------+----------+---------------+-----------+-------+
[   18.975856] cloud-init[915]: ci-info: |   0   |   0.0.0.0   | 10.0.2.2 |    0.0.0.0    |   enp0s3  |   UG  |
[   18.975952] cloud-init[915]: ci-info: |   1   |   10.0.2.0  | 0.0.0.0  | 255.255.255.0 |   enp0s3  |   U   |
[   18.976013] cloud-init[915]: ci-info: +-------+-------------+----------+---------------+-----------+-------+
[   18.976220] cloud-init[915]: Generating public/private rsa key pair.
[   18.976859] cloud-init[915]: Your identification has been saved in /etc/ssh/ssh_host_rsa_key.
[   18.977296] cloud-init[915]: Your public key has been saved in /etc/ssh/ssh_host_rsa_key.pub.
[   18.977408] cloud-init[915]: The key fingerprint is:
[[0;32m  OK  [0m] Reached target System Initialization.
[   18.977653] cloud-init[915]: SHA256:zXy0OvTFFPJl4JmgvJIM6CIoWjcE68hdabKeAxVQi30 root@ubuntu-xenial
[   19.043315] cloud-init[915]: The key's randomart image is:
[[0;32m  OK  [0m] Listening on ACPID Listen Socket.
[   19.044141] cloud-init[915]: +---[RSA 2048]----+
[   19.064331] cloud-init[915]: | .+o        o o.o|
[   19.064662] cloud-init[915]: |  ooo..  . . = * |
[   19.070135] cloud-init[915]: | ..=oE.   o . *  |
[   19.070221] cloud-init[915]: |oooo*  o = o +   |
[   19.070280] cloud-init[915]: |=o+o+   S * o o  |
[   19.070327] cloud-init[915]: |oooo..   o + .   |
[   19.070374] cloud-init[915]: |.  +      o .    |
[   19.070418] cloud-init[915]: |    .      .     |
[   19.070462] cloud-init[915]: |                 |
[   19.070506] cloud-init[915]: +----[SHA256]-----+
[   19.070575] cloud-init[915]: Generating public/private dsa key pair.
[   19.070630] cloud-init[915]: Your identification has been saved in /etc/ssh/ssh_host_dsa_key.
[   19.070674] cloud-init[915]: Your public key has been saved in /etc/ssh/ssh_host_dsa_key.pub.
[   19.070775] cloud-init[915]: The key fingerprint is:
[   19.072519] cloud-init[915]: SHA256:UnDzLJ/+yJ7aOAb9eEVIMvFBKwzRGH3NUBJwstLfgsk root@ubuntu-xenial
[   19.073143] cloud-init[915]: The key's randomart image is:
[   19.075438] cloud-init[915]: +---[DSA 1024]----+
[   19.075716] cloud-init[915]: |      =**+B*.    |
[   19.075791] cloud-init[915]: |      .*=Oo+o    |
[   19.075842] cloud-init[915]: |      . B==.     |
[   19.075888] cloud-init[915]: |       + B.o.    |
[   19.075931] cloud-init[915]: |      ..E =..    |
[   19.075976] cloud-init[915]: |      .... ..    |
[   19.076022] cloud-init[915]: |       . o..     |
[   19.076072] cloud-init[915]: |        ++o+     |
[   19.076116] cloud-init[915]: |       .o=* .    |
[   19.076169] cloud-init[915]: +----[SHA256]-----+
[   19.076217] cloud-init[915]: Generating public/private ecdsa key pair.
[   19.076264] cloud-init[915]: Your identification has been saved in /etc/ssh/ssh_host_ecdsa_key.
[   19.076408] cloud-init[915]: Your public key has been saved in /etc/ssh/ssh_host_ecdsa_key.pub.
[   19.079241] cloud-init[915]: The key fingerprint is:
[   19.079310] cloud-init[915]: SHA256:0QPh5Xx06KIyqLw385IUNfdHyvYa5m3gX/RkayqY5lY root@ubuntu-xenial
[   19.079360] cloud-init[915]: The key's randomart image is:
[   19.079406] cloud-init[915]: +---[ECDSA 256]---+
[   19.079454] cloud-init[915]: |        o.. ...  |
[   19.080114] cloud-init[915]: |      o..* .o.   |
[   19.080259] cloud-init[915]: |     . ooo=+.    |
[   19.080511] cloud-init[915]: |    .    .*oo    |
[   19.080709] cloud-init[915]: |     o  So +  . o|
[   19.080822] cloud-init[915]: |    o o . +E.. +.|
[   19.080994] cloud-init[915]: | . o . o ++=  .o.|
[   19.081106] cloud-init[915]: |  o *    =+.o.o  |
[   19.081222] cloud-init[915]: |  .o =. +. oo.   |
[   19.081345] cloud-init[915]: +----[SHA256]-----+
[   19.081648] cloud-init[915]: Generating public/private ed25519 key pair.
[   19.081752] cloud-init[915]: Your identification has been saved in /etc/ssh/ssh_host_ed25519_key.
[   19.081871] cloud-init[915]: Your public key has been saved in /etc/ssh/ssh_host_ed25519_key.pub.
[   19.082028] cloud-init[915]: The key fingerprint is:
[   19.082904] cloud-init[915]: SHA256:Qg9BiysrMPNBJxN30BXEirAMo5xUB79Mo0jB+/mym/U root@ubuntu-xenial
[   19.082976] cloud-init[915]: The key's randomart image is:
[   19.083189] cloud-init[915]: +--[ED25519 256]--+
[   19.083330] cloud-init[915]: |..oo+=+++.       |
[   19.083931] cloud-init[915]: |oooooo.o.        |
[   19.084286] cloud-init[915]: |+=*oo=+.         |
[   19.084341] cloud-init[915]: |o=++=o+o         |
[[0;32m  OK  [0m] Started ACPI Events Check.
[[   19.084434] cloud-init[915]: |+.+.oo. S        |
[   19.267788] cloud-init[915]: |.+ *   .         |
[   19.267861] cloud-init[915]: |. o ..           |
[   19.267909] cloud-init[915]: | . .o..          |
[   19.268292] cloud-init[915]: |   ++  E         |
[   19.269417] cloud-init[915]: +----[SHA256]-----+
[0;32m  OK  [0m] Reached target Paths.
[[0;32m  OK  [0m] Listening on D-Bus System Message Bus Socket.
[[0;32m  OK  [0m] Started Daily apt download activities.
[[0;32m  OK  [0m] Started Daily apt upgrade and clean activities.
[[0;32m  OK  [0m] Listening on UUID daemon activation socket.
         Starting LXD - unix socket.
[[0;32m  OK  [0m] Started Daily Cleanup of Temporary Directories.
[[0;32m  OK  [0m] Reached target Timers.
         Starting Socket activation for snappy daemon.
[[0;32m  OK  [0m] Reached target Network is Online.
         Starting iSCSI initiator daemon (iscsid)...
[[0;32m  OK  [0m] Listening on LXD - unix socket.
[[0;32m  OK  [0m] Listening on Socket activation for snappy daemon.
[[0;32m  OK  [0m] Started iSCSI initiator daemon (iscsid).
         Starting Login to default iSCSI targets...
[[0;32m  OK  [0m] Reached target Sockets.
[[0;32m  OK  [0m] Reached target Basic System.
[[0;32m  OK  [0m] Started Regular background program processing daemon.
[[0;32m  OK  [0m] Started Deferred execution scheduler.
         Starting Accounts Service...
         Starting Virtualbox guest utils...
         Starting System Logging Service...
         Starting LSB: MD monitoring daemon...
[[0;32m  OK  [0m] Started D-Bus System Message Bus.
[[0;32m  OK  [0m] Started FUSE filesystem for LXC.
         Starting Apply the settings specified in cloud-config...
         Starting Login Service...
         Starting Pollinate to seed the pseudo random number generator...
         Starting LSB: Record successful boot for GRUB...
         Starting /etc/rc.local Compatibility...
[[0;32m  OK  [0m] Started ACPI event daemon.
[[0;32m  OK  [0m] Started Unattended Upgrades Shutdown.
         Starting Snappy daemon...
         Starting LXD - container startup/shutdown...
[[0;32m  OK  [0m] Started System Logging Service.
[[0;32m  OK  [0m] Started /etc/rc.local Compatibility.
[[0;32m  OK  [0m] Started Login to default iSCSI targets.
[[0;32m  OK  [0m] Started LSB: MD monitoring daemon.
[[0;32m  OK  [0m] Started LSB: Record successful boot for GRUB.
[[0;32m  OK  [0m] Started LXD - container startup/shutdown.
[[0;32m  OK  [0m] Started Login Service.
         Starting Authenticate and Authorize Users to Run Privileged Tasks...
[[0;32m  OK  [0m] Reached target Remote File Systems (Pre).
[[0;32m  OK  [0m] Reached target Remote File Systems.
         Starting Permit User Sessions...
         Starting LSB: automatic crash report generation...
         Starting LSB: daemon to balance interrupts for SMP systems...
         Starting LSB: Set the CPU Frequency Scaling governor to "ondemand"...
[[0;32m  OK  [0m] Started Virtualbox guest utils.
[[0;32m  OK  [0m] Started Permit User Sessions.
[[0;32m  OK  [0m] Started Snappy daemon.
[[0;32m  OK  [0m] Started Authenticate and Authorize Users to Run Privileged Tasks.
[[0;32m  OK  [0m] Started Accounts Service.
         Starting Wait until snapd is fully seeded...
         Starting Hold until boot process finishes up...
         Starting Terminate Plymouth Boot Screen...
[[0;32m  OK  [0m] Started LSB: automatic crash report generation.
[[0;32m  OK  [0m] Started LSB: daemon to balance interrupts for SMP systems.
[[0;32m  OK  [0m] Started LSB: Set the CPU Frequency Scaling governor to "ondemand".
[[0;32m  OK  [0m] Started Hold until boot process finishes up.
[[0;32m  OK  [0m] Started Terminate Plymouth Boot Screen.
[[0;32m  OK  [0m] Started Getty on tty1.
         Starting Set console scheme...
[[   21.031784] cloud-init[1046]: Generating locales (this might take a while)...
[0;32m  OK  [0m] Started Serial Getty on ttyS0.
[[0;32m  OK  [0m] Reached target Login Prompts.
[[0;32m  OK  [0m] Started Set console scheme.
[[0;32m  OK  [0m] Started Pollinate to seed the pseudo random number generator.
         Starting OpenBSD Secure Shell server...
[[0;32m  OK  [0m] Started OpenBSD Secure Shell server.
[   22.640180] cloud-init[1046]:   en_US.UTF-8... done
[   22.678613] cloud-init[1046]: Generation complete.
[   23.213439] cloud-init[1046]: Cloud-init v. 18.2 running 'modules:config' at Wed, 25 Jul 2018 23:32:33 +0000. Up 20.66 seconds.
[[0;32m  OK  [0m] Started Apply the settings specified in cloud-config.
[[0;32m  OK  [0m] Created slice User Slice of vagrant.
         Starting User Manager for UID 1000...
[[0;32m  OK  [0m] Started Session 1 of user vagrant.
[[0;32m  OK  [0m] Started User Manager for UID 1000.
[[0;32m  OK  [0m] Started Wait until snapd is fully seeded.
[[0;32m  OK  [0m] Reached target Multi-User System.
         Starting Execute cloud user/final scripts...
[[0;32m  OK  [0m] Reached target Graphical Interface.
         Starting Update UTMP about System Runlevel Changes...
[[0;32m  OK  [0m] Started Update UTMP about System Runlevel Changes.
ci-info: no authorized ssh keys fingerprints found for user ubuntu.
<14>Jul 25 23:32:37 ec2: 
<14>Jul 25 23:32:37 ec2: #############################################################
<14>Jul 25 23:32:37 ec2: -----BEGIN SSH HOST KEY FINGERPRINTS-----
<14>Jul 25 23:32:37 ec2: 1024 SHA256:UnDzLJ/+yJ7aOAb9eEVIMvFBKwzRGH3NUBJwstLfgsk root@ubuntu-xenial (DSA)
<14>Jul 25 23:32:37 ec2: 256 SHA256:0QPh5Xx06KIyqLw385IUNfdHyvYa5m3gX/RkayqY5lY root@ubuntu-xenial (ECDSA)
<14>Jul 25 23:32:37 ec2: 256 SHA256:Qg9BiysrMPNBJxN30BXEirAMo5xUB79Mo0jB+/mym/U root@ubuntu-xenial (ED25519)
<14>Jul 25 23:32:37 ec2: 2048 SHA256:zXy0OvTFFPJl4JmgvJIM6CIoWjcE68hdabKeAxVQi30 root@ubuntu-xenial (RSA)
<14>Jul 25 23:32:37 ec2: -----END SSH HOST KEY FINGERPRINTS-----
<14>Jul 25 23:32:37 ec2: #############################################################
-----BEGIN SSH HOST KEY KEYS-----
ecdsa-sha2-nistp256 AAAAE2VjZHNhLXNoYTItbmlzdHAyNTYAAAAIbmlzdHAyNTYAAABBBKPhtMjeQWOSZfb8woOuAamXFd/72sLB01do1nETkXAg7FsjYn0WRWjUZ/yE0tAAWoo/AZoeGjM3sm8Pgo51boc= root@ubuntu-xenial
ssh-ed25519 AAAAC3NzaC1lZDI1NTE5AAAAIIRLO39eVhvpBL0R32wam8kE67pYF2aHNL4htRCAdY8d root@ubuntu-xenial
ssh-rsa AAAAB3NzaC1yc2EAAAADAQABAAABAQDOTe4WDXdEqpgpq4uIckFSWB0YK5tMqpvbn/WXox1ZQg1pOPpZ9zEcLBkS1DIQ6VU3fENkaBYou3037ARgbZv+wPz8TpUDeTtOwGgm8aX7b+t3jrrGoYqNA1vhsuVaFk7t53JgaROX2phwxRTNEPsby61WAaKCCneHDLCsJGCqqnJJfoprkrldATqPyG83GByDU2Rrw5dR4N8rhjkazb3HMVqb49S5dUlZm1jTIm4h+gscIzxF44uWTcmvE5BkVUx5IbGymwro4bccgPed6ivNvlmmzp0m1GzAIIJDq9rZL4Pnnasf4csRDmz+UwOVbMFGjRQAWTFbxiL6GjWqmsyp root@ubuntu-xenial
-----END SSH HOST KEY KEYS-----
[   25.165363] cloud-init[1309]: Cloud-init v. 18.2 running 'modules:final' at Wed, 25 Jul 2018 23:32:37 +0000. Up 24.62 seconds.
[   25.226719] cloud-init[1309]: ci-info: no authorized ssh keys fingerprints found for user ubuntu.
[   25.307333] cloud-init[1309]: Cloud-init v. 18.2 finished at Wed, 25 Jul 2018 23:32:37 +0000. Datasource DataSourceNoCloud [seed=/dev/sdb][dsmode=net].  Up 25.15 seconds
[[0;32m  OK  [0m] Started Execute cloud user/final scripts.
[[0;32m  OK  [0m] Reached target Cloud-init target.

Ubuntu 16.04.5 LTS ubuntu-xenial ttyS0

ubuntu-xenial login: 